===[(date'%y-%m-%d %H:%M:%S')] starting deployment...
copying application...
setting permissions...
deployment complete!
testing application...
===========================
 DevOps Learning Application
 Version 2.0
===========================
Application version 2  is running
=== [(date'+%Y-%m-%d %H:%M:%S')] deployment finished ===
===[(date'%y-%m-%d %H:%M:%S')] starting deployment...
copying application...
setting permissions...
deployment complete!
testing application...
===========================
 DevOps Learning Application
 Version 2.0
===========================
Application version 2  is running
=== [(date'+%Y-%m-%d %H:%M:%S')] deployment finished ===
==='date' starting deployment...
copying application...
setting permissions...
deployment complete!
testing application...
===========================
 DevOps Learning Application
 Version 2.0
===========================
Application version 2  is running
=== 'date' deployment finished ===
===Tue Aug 25 11:06:27 PM SAST 2026 starting deployment...
copying application...
setting permissions...
deployment complete!
testing application...
===========================
 DevOps Learning Application
 Version 2.0
===========================
Application version 2  is running
===Tue Aug 25 11:06:27 PM SAST 2026 deployment finished ===
===Tue Aug 25 11:06:42 PM SAST 2026 starting deployment...
copying application...
setting permissions...
deployment complete!
testing application...
===========================
 DevOps Learning Application
 Version 2.0
===========================
Application version 2  is running
===Tue Aug 25 11:06:42 PM SAST 2026 deployment finished ===
===Tue Aug 25 11:07:09 PM SAST 2026 starting deployment...
copying application...
sudo: 'c': command not found
[ERROR] Deployment failed at line 16. See /home/mightyed/devops-lab/logs/deploy.log.
===Tue Aug 25 11:07:38 PM SAST 2026 starting deployment...
copying application...
setting permissions...
deployment complete!
testing application...
===========================
 DevOps Learning Application
 Version 2.0
===========================
Application version 2  is running
===Tue Aug 25 11:07:38 PM SAST 2026 deployment finished ===
===Tue Aug 25 11:10:44 PM SAST 2026 starting deployment...
copying application...
cp exit code: 0
setting permissions...
deployment complete!
testing application...
===========================
 DevOps Learning Application
 Version 2.0
===========================
Application version 2  is running
===Tue Aug 25 11:10:44 PM SAST 2026 deployment finished ===
